../Drivers/Src/stm32f407xx_spi.c:28:6:SPI_PeriClockControl	16	static
../Drivers/Src/stm32f407xx_spi.c:62:6:SPI_Init	24	static
../Drivers/Src/stm32f407xx_spi.c:124:6:SPI_DeInit	16	static
../Drivers/Src/stm32f407xx_spi.c:147:6:SPI_PeripheralControl	16	static
../Drivers/Src/stm32f407xx_spi.c:169:6:SPI_SSIConfig	16	static
../Drivers/Src/stm32f407xx_spi.c:190:6:SPI_SSOEConfig	16	static
../Drivers/Src/stm32f407xx_spi.c:210:9:SPI_GetFlag	16	static
../Drivers/Src/stm32f407xx_spi.c:230:6:SPI_Transmit	24	static
../Drivers/Src/stm32f407xx_spi.c:275:6:SPI_Receive	24	static
../Drivers/Src/stm32f407xx_spi.c:321:9:SPI_Transmit_IT	32	static
../Drivers/Src/stm32f407xx_spi.c:354:9:SPI_Receive_IT	32	static
../Drivers/Src/stm32f407xx_spi.c:385:6:SPI_IRQInterruptConfig	16	static
../Drivers/Src/stm32f407xx_spi.c:423:6:SPI_IRQPriorityConfig	24	static
../Drivers/Src/stm32f407xx_spi.c:441:6:SPI_IRQHandler	24	static
../Drivers/Src/stm32f407xx_spi.c:483:6:SPI_CloseTx	16	static
../Drivers/Src/stm32f407xx_spi.c:499:6:SPI_CloseRx	16	static
../Drivers/Src/stm32f407xx_spi.c:515:6:SPI_ClearOVRFlag	24	static
../Drivers/Src/stm32f407xx_spi.c:530:13:SPI_TxHandle_ISR	16	static
../Drivers/Src/stm32f407xx_spi.c:559:13:SPI_RxHandle_ISR	16	static
../Drivers/Src/stm32f407xx_spi.c:588:13:SPI_OvrHandle_ISR	24	static
../Drivers/Src/stm32f407xx_spi.c:611:13:SPI_ApplicationEventCallback	16	static
