13:54:46 **** Incremental Build of configuration Debug for project stm32f4xx_Drivers ****
make -j8 all 
arm-none-eabi-gcc "../Drivers/Src/stm32f407xx_i2c.c" -mcpu=cortex-m4 -std=gnu11 -g3 -DDEBUG -DSTM32 -DSTM32F407G_DISC1 -DSTM32F4 -DSTM32F407VGTx -c -I"D:/workspace/MCU_workspace/stm32f4xx_Drivers/Drivers/Inc" -I../Inc -O0 -ffunction-sections -fdata-sections -Wall -fstack-usage -fcyclomatic-complexity -MMD -MP -MF"Drivers/Src/stm32f407xx_i2c.d" -MT"Drivers/Src/stm32f407xx_i2c.o" --specs=nano.specs -mfpu=fpv4-sp-d16 -mfloat-abi=hard -mthumb -o "Drivers/Src/stm32f407xx_i2c.o"
arm-none-eabi-gcc -o "stm32f4xx_Drivers.elf" @"objects.list"   -mcpu=cortex-m4 -T"D:\workspace\MCU_workspace\stm32f4xx_Drivers\STM32F407VGTX_FLASH.ld" --specs=nosys.specs -Wl,-Map="stm32f4xx_Drivers.map" -Wl,--gc-sections -static --specs=nano.specs -mfpu=fpv4-sp-d16 -mfloat-abi=hard -mthumb -Wl,--start-group -lc -lm -Wl,--end-group
Finished building target: stm32f4xx_Drivers.elf
 
arm-none-eabi-size  stm32f4xx_Drivers.elf 
arm-none-eabi-objdump -h -S stm32f4xx_Drivers.elf  > "stm32f4xx_Drivers.list"
   text	   data	    bss	    dec	    hex	filename
   2676	      0	   1568	   4244	   1094	stm32f4xx_Drivers.elf
Finished building: default.size.stdout
 
Finished building: stm32f4xx_Drivers.list
 
